###############################################################################
#
# IAR ELF Linker V7.80.4.12462/W32 for ARM                10/Sep/2022  11:51:25
# Copyright 2007-2017 IAR Systems AB.
#
#    Output file  =  
#        E:\paylard\paylard_rfm24_nrf24L01p\EWARM\paylard_rfm24_nrf24L01p\Exe\paylard_rfm24_nrf24L01p.out
#    Map file     =  
#        E:\paylard\paylard_rfm24_nrf24L01p\EWARM\paylard_rfm24_nrf24L01p\List\paylard_rfm24_nrf24L01p.map
#    Command line =  
#        E:\paylard\paylard_rfm24_nrf24L01p\EWARM\paylard_rfm24_nrf24L01p\Obj\main.o
#        E:\paylard\paylard_rfm24_nrf24L01p\EWARM\paylard_rfm24_nrf24L01p\Obj\Si24R1.o
#        E:\paylard\paylard_rfm24_nrf24L01p\EWARM\paylard_rfm24_nrf24L01p\Obj\startup_stm32l476xx.o
#        E:\paylard\paylard_rfm24_nrf24L01p\EWARM\paylard_rfm24_nrf24L01p\Obj\stm32l4xx_hal.o
#        E:\paylard\paylard_rfm24_nrf24L01p\EWARM\paylard_rfm24_nrf24L01p\Obj\stm32l4xx_hal_cortex.o
#        E:\paylard\paylard_rfm24_nrf24L01p\EWARM\paylard_rfm24_nrf24L01p\Obj\stm32l4xx_hal_dma.o
#        E:\paylard\paylard_rfm24_nrf24L01p\EWARM\paylard_rfm24_nrf24L01p\Obj\stm32l4xx_hal_dma_ex.o
#        E:\paylard\paylard_rfm24_nrf24L01p\EWARM\paylard_rfm24_nrf24L01p\Obj\stm32l4xx_hal_exti.o
#        E:\paylard\paylard_rfm24_nrf24L01p\EWARM\paylard_rfm24_nrf24L01p\Obj\stm32l4xx_hal_flash.o
#        E:\paylard\paylard_rfm24_nrf24L01p\EWARM\paylard_rfm24_nrf24L01p\Obj\stm32l4xx_hal_flash_ex.o
#        E:\paylard\paylard_rfm24_nrf24L01p\EWARM\paylard_rfm24_nrf24L01p\Obj\stm32l4xx_hal_flash_ramfunc.o
#        E:\paylard\paylard_rfm24_nrf24L01p\EWARM\paylard_rfm24_nrf24L01p\Obj\stm32l4xx_hal_gpio.o
#        E:\paylard\paylard_rfm24_nrf24L01p\EWARM\paylard_rfm24_nrf24L01p\Obj\stm32l4xx_hal_i2c.o
#        E:\paylard\paylard_rfm24_nrf24L01p\EWARM\paylard_rfm24_nrf24L01p\Obj\stm32l4xx_hal_i2c_ex.o
#        E:\paylard\paylard_rfm24_nrf24L01p\EWARM\paylard_rfm24_nrf24L01p\Obj\stm32l4xx_hal_msp.o
#        E:\paylard\paylard_rfm24_nrf24L01p\EWARM\paylard_rfm24_nrf24L01p\Obj\stm32l4xx_hal_pwr.o
#        E:\paylard\paylard_rfm24_nrf24L01p\EWARM\paylard_rfm24_nrf24L01p\Obj\stm32l4xx_hal_pwr_ex.o
#        E:\paylard\paylard_rfm24_nrf24L01p\EWARM\paylard_rfm24_nrf24L01p\Obj\stm32l4xx_hal_rcc.o
#        E:\paylard\paylard_rfm24_nrf24L01p\EWARM\paylard_rfm24_nrf24L01p\Obj\stm32l4xx_hal_rcc_ex.o
#        E:\paylard\paylard_rfm24_nrf24L01p\EWARM\paylard_rfm24_nrf24L01p\Obj\stm32l4xx_hal_rtc.o
#        E:\paylard\paylard_rfm24_nrf24L01p\EWARM\paylard_rfm24_nrf24L01p\Obj\stm32l4xx_hal_rtc_ex.o
#        E:\paylard\paylard_rfm24_nrf24L01p\EWARM\paylard_rfm24_nrf24L01p\Obj\stm32l4xx_hal_spi.o
#        E:\paylard\paylard_rfm24_nrf24L01p\EWARM\paylard_rfm24_nrf24L01p\Obj\stm32l4xx_hal_spi_ex.o
#        E:\paylard\paylard_rfm24_nrf24L01p\EWARM\paylard_rfm24_nrf24L01p\Obj\stm32l4xx_hal_tim.o
#        E:\paylard\paylard_rfm24_nrf24L01p\EWARM\paylard_rfm24_nrf24L01p\Obj\stm32l4xx_hal_tim_ex.o
#        E:\paylard\paylard_rfm24_nrf24L01p\EWARM\paylard_rfm24_nrf24L01p\Obj\stm32l4xx_hal_uart.o
#        E:\paylard\paylard_rfm24_nrf24L01p\EWARM\paylard_rfm24_nrf24L01p\Obj\stm32l4xx_hal_uart_ex.o
#        E:\paylard\paylard_rfm24_nrf24L01p\EWARM\paylard_rfm24_nrf24L01p\Obj\stm32l4xx_it.o
#        E:\paylard\paylard_rfm24_nrf24L01p\EWARM\paylard_rfm24_nrf24L01p\Obj\system_stm32l4xx.o
#        --redirect _Printf=_PrintfFull --redirect _Scanf=_ScanfFull -o
#        E:\paylard\paylard_rfm24_nrf24L01p\EWARM\paylard_rfm24_nrf24L01p\Exe\paylard_rfm24_nrf24L01p.out
#        --map
#        E:\paylard\paylard_rfm24_nrf24L01p\EWARM\paylard_rfm24_nrf24L01p\List\paylard_rfm24_nrf24L01p.map
#        --config
#        E:\paylard\paylard_rfm24_nrf24L01p\EWARM/stm32l476xx_flash.icf
#        --semihosting --entry __iar_program_start --vfe
#
###############################################################################

*******************************************************************************
*** RUNTIME MODEL ATTRIBUTES
***

CppFlavor                     = *
__Heap_Handler                = Basic
__SystemLibrary               = DLib
__dlib_dynamic_initialization = normal


*******************************************************************************
*** PLACEMENT SUMMARY
***

"A0":  place at 0x08000000 { ro section .intvec };
"P1":  place in [from 0x08000000 to 0x080fffff] { ro };
"P2":  place in [from 0x20000000 to 0x20017fff] { rw, block CSTACK, block HEAP };
"P3":  place in [from 0x20000000 to 0x20017fff] {  };
initialize by copy { rw };

  Section             Kind        Address    Size  Object
  -------             ----        -------    ----  ------
"A0":                                       0x188
  .intvec             ro code  0x08000000   0x188  startup_stm32l476xx.o [1]
                             - 0x08000188   0x188

"P1":                                      0x4bac
  .text               ro code  0x08000188  0x119a  xprintffull.o [3]
  .text               ro code  0x08001322    0x20  xmbtowc.o [3]
  .text               ro code  0x08001344    0x16  strchr.o [5]
  .text               ro code  0x0800135c    0x36  strlen.o [5]
  .text               ro code  0x08001394    0x58  memchr.o [5]
  .text               ro code  0x080013ec     0xa  xmbcurmax.o [3]
  .text               ro code  0x080013f8    0xb0  xxmemxmalloc.o [3]
  .text               ro code  0x080014a8    0x1a  xwctomb.o [3]
  .text               ro code  0x080014c4    0x76  ABImemcpy_unaligned.o [5]
  .text               ro code  0x0800153c    0x80  xxmemxfree.o [3]
  .text               ro code  0x080015bc    0xee  I64DivMod.o [5]
  .text               ro code  0x080016aa    0x44  xdnorm.o [4]
  .text               ro code  0x080016f0    0x2e  DblCmpLe.o [4]
  .text               ro code  0x08001720    0x2e  DblCmpGe.o [4]
  .text               ro code  0x08001750   0x114  xdscale.o [4]
  .text               ro code  0x08001864    0x58  DblToI32.o [4]
  .text               ro code  0x080018bc    0x30  I32ToDbl.o [4]
  .text               ro code  0x080018ec   0x180  DblSub.o [4]
  .text               ro code  0x08001a6c   0x1a2  DblMul.o [4]
  .text               ro code  0x08001c10   0x256  DblDiv.o [4]
  .text               ro code  0x08001e68    0x6c  localeconv.o [3]
  .text               ro code  0x08001ed4     0xe  div.o [3]
  .text               ro code  0x08001ee4    0x14  setlocale.o [3]
  .text               ro code  0x08001ef8    0x60  xencoding_sb.o [3]
  .text               ro code  0x08001f58    0x2c  xgetmemchunk.o [3]
  .text               ro code  0x08001f84     0x2  I64DivZer.o [5]
  .text               ro code  0x08001f88    0xd4  DblAdd.o [4]
  .text               ro code  0x0800205c     0x2  xtls.o [3]
  .text               ro code  0x08002060   0x81c  stm32l4xx_hal_uart.o [1]
  .text               ro code  0x0800287c   0x17c  stm32l4xx_hal_msp.o [1]
  .text               ro code  0x080029f8     0xc  stm32l4xx_hal.o [1]
  .text               ro code  0x08002a04    0x90  stm32l4xx_hal_dma.o [1]
  .text               ro code  0x08002a94     0x2  stm32l4xx_hal_uart.o [1]
  .text               ro code  0x08002a96     0x2  stm32l4xx_hal_uart.o [1]
  .text               ro code  0x08002a98     0x2  stm32l4xx_hal_uart_ex.o [1]
  .text               ro code  0x08002a9a     0x2  stm32l4xx_hal_uart.o [1]
  .text               ro code  0x08002a9c   0x700  stm32l4xx_hal_rcc.o [1]
  .text               ro code  0x0800319c     0x6  ABImemclr4.o [5]
  .text               ro code  0x080031a4   0x53c  stm32l4xx_hal_rcc_ex.o [1]
  .text               ro code  0x080036e0   0x37c  main.o [1]
  .text               ro code  0x08003a5c    0xc8  stm32l4xx_hal_cortex.o [1]
  .text               ro code  0x08003b24   0x20e  stm32l4xx_hal_gpio.o [1]
  .text               ro code  0x08003d34    0x48  stm32l4xx_hal.o [1]
  .text               ro code  0x08003d7c    0x7c  stm32l4xx_hal_pwr_ex.o [1]
  .text               ro code  0x08003df8    0x32  ABImemset48.o [5]
  .text               ro code  0x08003e2c   0x4f0  stm32l4xx_hal_spi.o [1]
  .text               ro code  0x0800431c    0x2c  stm32l4xx_hal.o [1]
  .text               ro code  0x08004348    0x24  printf.o [3]
  .text               ro code  0x0800436c    0x28  stm32l4xx_hal.o [1]
  .text               ro code  0x08004394   0x14c  Si24R1.o [1]
  .text               ro code  0x080044e0   0x4de  stm32l4xx_hal_rtc.o [1]
  .text               ro code  0x080049be     0x2  stm32l4xx_hal_rtc.o [1]
  .text               ro code  0x080049c0     0x2  stm32l4xx_hal_rtc_ex.o [1]
  .text               ro code  0x080049c4    0x50  system_stm32l4xx.o [1]
  .text               ro code  0x08004a14    0x40  zero_init3.o [5]
  .text               ro code  0x08004a54    0x38  packbits_init_single.o [5]
  .text               ro code  0x08004a8c    0x30  stm32l4xx_it.o [1]
  .text               ro code  0x08004abc    0x10  stm32l4xx_hal.o [1]
  .text               ro code  0x08004acc    0x28  data_init.o [5]
  .text               ro code  0x08004af4    0x22  fpinit_M.o [4]
  .iar.init_table     const    0x08004b18    0x20  - Linker created -
  .text               ro code  0x08004b38    0x1a  cmain.o [5]
  .text               ro code  0x08004b52     0x4  low_level_init.o [3]
  .text               ro code  0x08004b56     0x4  exit.o [3]
  .text               ro code  0x08004b5c     0xa  cexit.o [5]
  .text               ro code  0x08004b68    0x14  exit.o [6]
  .text               ro code  0x08004b7c    0x16  xprout.o [3]
  .text               ro code  0x08004b94     0xc  putchar.o [3]
  .text               ro code  0x08004ba0    0x10  startup_stm32l476xx.o [1]
  .text               ro code  0x08004bb0     0xc  cstartup_M.o [5]
  .rodata             const    0x08004bbc     0x8  system_stm32l4xx.o [1]
  .text               ro code  0x08004bc4     0x4  startup_stm32l476xx.o [1]
  .text               ro code  0x08004bc8     0x4  startup_stm32l476xx.o [1]
  .text               ro code  0x08004bcc     0x4  startup_stm32l476xx.o [1]
  .text               ro code  0x08004bd0     0x4  startup_stm32l476xx.o [1]
  .text               ro code  0x08004bd4     0x4  startup_stm32l476xx.o [1]
  .text               ro code  0x08004bd8     0x4  startup_stm32l476xx.o [1]
  .text               ro code  0x08004bdc     0x4  startup_stm32l476xx.o [1]
  .text               ro code  0x08004be0     0x4  startup_stm32l476xx.o [1]
  .text               ro code  0x08004be4     0x4  startup_stm32l476xx.o [1]
  .text               ro code  0x08004be8     0x4  startup_stm32l476xx.o [1]
  .text               ro code  0x08004bec     0x4  startup_stm32l476xx.o [1]
  .text               ro code  0x08004bf0     0x4  startup_stm32l476xx.o [1]
  .text               ro code  0x08004bf4     0x4  startup_stm32l476xx.o [1]
  .text               ro code  0x08004bf8     0x4  startup_stm32l476xx.o [1]
  .text               ro code  0x08004bfc     0x4  startup_stm32l476xx.o [1]
  .text               ro code  0x08004c00     0x4  startup_stm32l476xx.o [1]
  .text               ro code  0x08004c04     0x4  startup_stm32l476xx.o [1]
  .text               ro code  0x08004c08     0x4  startup_stm32l476xx.o [1]
  .text               ro code  0x08004c0c     0x4  startup_stm32l476xx.o [1]
  .text               ro code  0x08004c10     0x4  startup_stm32l476xx.o [1]
  .text               ro code  0x08004c14     0x4  startup_stm32l476xx.o [1]
  .text               ro code  0x08004c18     0x4  startup_stm32l476xx.o [1]
  .text               ro code  0x08004c1c     0x4  startup_stm32l476xx.o [1]
  .text               ro code  0x08004c20     0x4  startup_stm32l476xx.o [1]
  .text               ro code  0x08004c24     0x4  startup_stm32l476xx.o [1]
  .text               ro code  0x08004c28     0x4  startup_stm32l476xx.o [1]
  .text               ro code  0x08004c2c     0x4  startup_stm32l476xx.o [1]
  .text               ro code  0x08004c30     0x4  startup_stm32l476xx.o [1]
  .text               ro code  0x08004c34     0x4  startup_stm32l476xx.o [1]
  .text               ro code  0x08004c38     0x4  startup_stm32l476xx.o [1]
  .text               ro code  0x08004c3c     0x4  startup_stm32l476xx.o [1]
  .text               ro code  0x08004c40     0x4  startup_stm32l476xx.o [1]
  .text               ro code  0x08004c44     0x4  startup_stm32l476xx.o [1]
  .text               ro code  0x08004c48     0x4  startup_stm32l476xx.o [1]
  .text               ro code  0x08004c4c     0x4  startup_stm32l476xx.o [1]
  .text               ro code  0x08004c50     0x4  startup_stm32l476xx.o [1]
  .text               ro code  0x08004c54     0x4  startup_stm32l476xx.o [1]
  .text               ro code  0x08004c58     0x4  startup_stm32l476xx.o [1]
  .text               ro code  0x08004c5c     0x4  startup_stm32l476xx.o [1]
  .text               ro code  0x08004c60     0x4  startup_stm32l476xx.o [1]
  .text               ro code  0x08004c64     0x4  startup_stm32l476xx.o [1]
  .text               ro code  0x08004c68     0x4  startup_stm32l476xx.o [1]
  .text               ro code  0x08004c6c     0x4  startup_stm32l476xx.o [1]
  .text               ro code  0x08004c70     0x4  startup_stm32l476xx.o [1]
  .text               ro code  0x08004c74     0x4  startup_stm32l476xx.o [1]
  .text               ro code  0x08004c78     0x4  startup_stm32l476xx.o [1]
  .text               ro code  0x08004c7c     0x4  startup_stm32l476xx.o [1]
  .text               ro code  0x08004c80     0x4  startup_stm32l476xx.o [1]
  .text               ro code  0x08004c84     0x4  startup_stm32l476xx.o [1]
  .text               ro code  0x08004c88     0x4  startup_stm32l476xx.o [1]
  .text               ro code  0x08004c8c     0x4  startup_stm32l476xx.o [1]
  .text               ro code  0x08004c90     0x4  startup_stm32l476xx.o [1]
  .text               ro code  0x08004c94     0x4  startup_stm32l476xx.o [1]
  .text               ro code  0x08004c98     0x4  startup_stm32l476xx.o [1]
  .text               ro code  0x08004c9c     0x4  startup_stm32l476xx.o [1]
  .text               ro code  0x08004ca0     0x4  startup_stm32l476xx.o [1]
  .text               ro code  0x08004ca4     0x4  startup_stm32l476xx.o [1]
  .text               ro code  0x08004ca8     0x4  startup_stm32l476xx.o [1]
  .text               ro code  0x08004cac     0x4  startup_stm32l476xx.o [1]
  .text               ro code  0x08004cb0     0x4  startup_stm32l476xx.o [1]
  .text               ro code  0x08004cb4     0x4  startup_stm32l476xx.o [1]
  .text               ro code  0x08004cb8     0x4  startup_stm32l476xx.o [1]
  .text               ro code  0x08004cbc     0x4  startup_stm32l476xx.o [1]
  .text               ro code  0x08004cc0     0x4  startup_stm32l476xx.o [1]
  .text               ro code  0x08004cc4     0x4  startup_stm32l476xx.o [1]
  .text               ro code  0x08004cc8     0x4  startup_stm32l476xx.o [1]
  .text               ro code  0x08004ccc     0x4  startup_stm32l476xx.o [1]
  .text               ro code  0x08004cd0     0x4  startup_stm32l476xx.o [1]
  .text               ro code  0x08004cd4     0x4  startup_stm32l476xx.o [1]
  .text               ro code  0x08004cd8     0x4  startup_stm32l476xx.o [1]
  .text               ro code  0x08004cdc     0x4  startup_stm32l476xx.o [1]
  .text               ro code  0x08004ce0     0x4  startup_stm32l476xx.o [1]
  .text               ro code  0x08004ce4     0x4  startup_stm32l476xx.o [1]
  .text               ro code  0x08004ce8     0x4  startup_stm32l476xx.o [1]
  .text               ro code  0x08004cec     0x4  startup_stm32l476xx.o [1]
  .text               ro code  0x08004cf0     0x4  startup_stm32l476xx.o [1]
  .text               ro code  0x08004cf4     0x4  startup_stm32l476xx.o [1]
  .text               ro code  0x08004cf8     0x4  startup_stm32l476xx.o [1]
  .rodata             const    0x08004cfc     0x0  zero_init3.o [5]
  .rodata             const    0x08004cfc     0x0  packbits_init_single.o [5]
  Initializer bytes   const    0x08004cfc    0x38  <for P2-P3-1>
                             - 0x08004d34  0x4bac

"P2-P3", part 1 of 3:                       0x14c
  P2-P3-1                      0x20000000   0x14c  <Init block>
    .data             inited   0x20000000     0xc  stm32l4xx_hal.o [1]
    .data             inited   0x2000000c     0x4  system_stm32l4xx.o [1]
    .data             inited   0x20000010    0x40  xfiles.o [3]
    __DLIB_PERTHREAD  inited   0x20000050    0x88  localeconv.o [3]
    __DLIB_PERTHREAD  inited   0x200000d8    0x74  setlocale.o [3]
                             - 0x2000014c   0x14c

"P2-P3", part 2 of 3:                       0x600
  CSTACK                       0x20000150   0x400  <Block>
    CSTACK            uninit   0x20000150   0x400  <Block tail>
  HEAP                         0x20000550   0x200  <Block>
    HEAP              uninit   0x20000550   0x200  <Block tail>
                             - 0x20000750   0x600

"P2-P3", part 3 of 3:                       0x168
  .bss                zero     0x20000750    0x84  main.o [1]
  .bss                zero     0x200007d4    0x64  main.o [1]
  .bss                zero     0x20000838    0x50  xfiles.o [3]
  .bss                zero     0x20000888    0x24  main.o [1]
  .bss                zero     0x200008ac     0x8  xxmemxmalloc.o [3]
  .bss                zero     0x200008b4     0x4  xgetmemchunk.o [3]
                             - 0x200008b8   0x168


*******************************************************************************
*** INIT TABLE
***

          Address     Size
          -------     ----
Zero (__iar_zero_init3)
    1 destination range, total size 0x168:
          0x20000750  0x168

Copy/packbits (__iar_packbits_init_single3)
    1 source range, total size 0x38 (16% of destination):
          0x08004cfc   0x38
    1 destination range, total size 0x14c:
          0x20000000  0x14c



*******************************************************************************
*** MODULE SUMMARY
***

    Module                   ro code  ro data  rw data
    ------                   -------  -------  -------
E:\paylard\paylard_rfm24_nrf24L01p\EWARM\paylard_rfm24_nrf24L01p\Obj: [1]
    Si24R1.o                     332
    main.o                       892               268
    startup_stm32l476xx.o        720
    stm32l4xx_hal.o              184        2       12
    stm32l4xx_hal_cortex.o       200
    stm32l4xx_hal_dma.o          144
    stm32l4xx_hal_gpio.o         526
    stm32l4xx_hal_msp.o          380
    stm32l4xx_hal_pwr_ex.o       124
    stm32l4xx_hal_rcc.o        1 792
    stm32l4xx_hal_rcc_ex.o     1 340
    stm32l4xx_hal_rtc.o        1 248
    stm32l4xx_hal_rtc_ex.o         2
    stm32l4xx_hal_spi.o        1 264
    stm32l4xx_hal_uart.o       2 082
    stm32l4xx_hal_uart_ex.o        2
    stm32l4xx_it.o                48
    system_stm32l4xx.o            80        8        4
    --------------------------------------------------
    Total:                    11 360       10      284

command line: [2]
    --------------------------------------------------
    Total:

dl7M_tlf.a: [3]
    div.o                         14
    exit.o                         4
    localeconv.o                 108       23      136
    low_level_init.o               4
    printf.o                      36
    putchar.o                     12
    setlocale.o                   20       19      116
    xencoding_sb.o                96
    xfiles.o                               11      144
    xgetmemchunk.o                44                 4
    xmbcurmax.o                   10
    xmbtowc.o                     32
    xprintffull.o              4 506
    xprout.o                      22
    xtls.o                         2
    xwctomb.o                     26
    xxmemxfree.o                 128
    xxmemxmalloc.o               176                 8
    --------------------------------------------------
    Total:                     5 240       53      408

m7M_tls.a: [4]
    DblAdd.o                     212
    DblCmpGe.o                    46
    DblCmpLe.o                    46
    DblDiv.o                     598
    DblMul.o                     418
    DblSub.o                     384
    DblToI32.o                    88
    I32ToDbl.o                    48
    fpinit_M.o                    34
    xdnorm.o                      68
    xdscale.o                    276
    --------------------------------------------------
    Total:                     2 218

rt7M_tl.a: [5]
    ABImemclr4.o                   6
    ABImemcpy_unaligned.o        118
    ABImemset48.o                 50
    I64DivMod.o                  238
    I64DivZer.o                    2
    cexit.o                       10
    cmain.o                       26
    cstartup_M.o                  12
    data_init.o                   40
    memchr.o                      88
    packbits_init_single.o        56
    strchr.o                      22
    strlen.o                      54
    zero_init3.o                  64
    --------------------------------------------------
    Total:                       786

shb_l.a: [6]
    exit.o                        20
    --------------------------------------------------
    Total:                        20

    Gaps                          42        2
    Linker created                         33    1 536
------------------------------------------------------
    Grand Total:              19 666       98    2 228


*******************************************************************************
*** ENTRY LIST
***

Entry                      Address   Size  Type      Object
-----                      -------   ----  ----      ------
.iar.init_table$$Base   0x08004b18          --   Gb  - Linker created -
.iar.init_table$$Limit  0x08004b38          --   Gb  - Linker created -
?main                   0x08004b39         Code  Gb  cmain.o [5]
AHBPrescTable           0x080049d4   0x10  Data  Gb  system_stm32l4xx.o [1]
APBPrescTable           0x08004bbc    0x8  Data  Gb  system_stm32l4xx.o [1]
BusFault_Handler        0x08004a93    0x2  Code  Gb  stm32l4xx_it.o [1]
CSTACK$$Base            0x20000150          --   Gb  - Linker created -
CSTACK$$Limit           0x20000550          --   Gb  - Linker created -
DebugMon_Handler        0x08004a99    0x2  Code  Gb  stm32l4xx_it.o [1]
EXTI15_10_IRQHandler    0x08004aa7    0x8  Code  Gb  stm32l4xx_it.o [1]
Error_Handler           0x08003a2d    0x4  Code  Gb  main.o [1]
HAL_DMA_Abort           0x08002a05   0x44  Code  Gb  stm32l4xx_hal_dma.o [1]
HAL_DMA_Abort_IT        0x08002a49   0x4c  Code  Gb  stm32l4xx_hal_dma.o [1]
HAL_Delay               0x0800436d   0x28  Code  Wk  stm32l4xx_hal.o [1]
HAL_GPIO_EXTI_Callback  0x08003d31    0x2  Code  Wk  stm32l4xx_hal_gpio.o [1]
HAL_GPIO_EXTI_IRQHandler
                        0x08003cf7   0x10  Code  Gb  stm32l4xx_hal_gpio.o [1]
HAL_GPIO_Init           0x08003b25  0x1c8  Code  Gb  stm32l4xx_hal_gpio.o [1]
HAL_GPIO_WritePin       0x08003ced    0xa  Code  Gb  stm32l4xx_hal_gpio.o [1]
HAL_GetTick             0x080029f9    0xc  Code  Wk  stm32l4xx_hal.o [1]
HAL_IncTick             0x08004abd   0x10  Code  Wk  stm32l4xx_hal.o [1]
HAL_Init                0x0800431d   0x28  Code  Gb  stm32l4xx_hal.o [1]
HAL_InitTick            0x08003d35   0x48  Code  Wk  stm32l4xx_hal.o [1]
HAL_MspInit             0x0800287d   0x2c  Code  Gb  stm32l4xx_hal_msp.o [1]
HAL_NVIC_EnableIRQ      0x08003acd   0x16  Code  Gb  stm32l4xx_hal_cortex.o [1]
HAL_NVIC_SetPriority    0x08003a91   0x3a  Code  Gb  stm32l4xx_hal_cortex.o [1]
HAL_NVIC_SetPriorityGrouping
                        0x08003a77   0x1a  Code  Gb  stm32l4xx_hal_cortex.o [1]
HAL_PWREx_ControlVoltageScaling
                        0x08003d89   0x64  Code  Gb  stm32l4xx_hal_pwr_ex.o [1]
HAL_PWREx_GetVoltageRange
                        0x08003d7d    0xc  Code  Gb  stm32l4xx_hal_pwr_ex.o [1]
HAL_RCCEx_PeriphCLKConfig
                        0x080031a5  0x30a  Code  Gb  stm32l4xx_hal_rcc_ex.o [1]
HAL_RCC_ClockConfig     0x08002f1f   0xe6  Code  Gb  stm32l4xx_hal_rcc.o [1]
HAL_RCC_GetPCLK1Freq    0x080030bb   0x10  Code  Gb  stm32l4xx_hal_rcc.o [1]
HAL_RCC_GetPCLK2Freq    0x080030cb    0xe  Code  Gb  stm32l4xx_hal_rcc.o [1]
HAL_RCC_GetSysClockFreq
                        0x0800302b   0x90  Code  Gb  stm32l4xx_hal_rcc.o [1]
HAL_RCC_OscConfig       0x08002a9d  0x44c  Code  Gb  stm32l4xx_hal_rcc.o [1]
HAL_RTCEx_AlarmBEventCallback
                        0x080049c1    0x2  Code  Wk  stm32l4xx_hal_rtc_ex.o [1]
HAL_RTC_AlarmAEventCallback
                        0x080049bf    0x2  Code  Wk  stm32l4xx_hal_rtc.o [1]
HAL_RTC_AlarmIRQHandler
                        0x0800487d   0x4c  Code  Gb  stm32l4xx_hal_rtc.o [1]
HAL_RTC_Init            0x080044e1   0x7e  Code  Gb  stm32l4xx_hal_rtc.o [1]
HAL_RTC_MspInit         0x080028a9   0x4c  Code  Gb  stm32l4xx_hal_msp.o [1]
HAL_RTC_SetAlarm_IT     0x080046cb   0xc4  Code  Gb  stm32l4xx_hal_rtc.o [1]
HAL_RTC_SetDate         0x0800461b   0x86  Code  Gb  stm32l4xx_hal_rtc.o [1]
HAL_RTC_SetTime         0x08004575   0x92  Code  Gb  stm32l4xx_hal_rtc.o [1]
HAL_RTC_WaitForSynchro  0x080048d7   0x30  Code  Gb  stm32l4xx_hal_rtc.o [1]
HAL_SPI_Init            0x08003e2d   0xd2  Code  Gb  stm32l4xx_hal_spi.o [1]
HAL_SPI_MspInit         0x080028f5   0x44  Code  Gb  stm32l4xx_hal_msp.o [1]
HAL_SPI_TransmitReceive
                        0x08003eff  0x222  Code  Gb  stm32l4xx_hal_spi.o [1]
HAL_SYSTICK_Config      0x08003ae3   0x28  Code  Gb  stm32l4xx_hal_cortex.o [1]
HAL_UARTEx_RxEventCallback
                        0x08002a97    0x2  Code  Wk  stm32l4xx_hal_uart.o [1]
HAL_UARTEx_WakeupCallback
                        0x08002a99    0x2  Code  Wk  stm32l4xx_hal_uart_ex.o [1]
HAL_UART_ErrorCallback  0x08002a95    0x2  Code  Wk  stm32l4xx_hal_uart.o [1]
HAL_UART_IRQHandler     0x080021e5  0x244  Code  Gb  stm32l4xx_hal_uart.o [1]
HAL_UART_Init           0x08002061   0x30  Code  Gb  stm32l4xx_hal_uart.o [1]
HAL_UART_MspInit        0x08002939   0x72  Code  Gb  stm32l4xx_hal_msp.o [1]
HAL_UART_Transmit       0x080020df   0xae  Code  Gb  stm32l4xx_hal_uart.o [1]
HAL_UART_TxCpltCallback
                        0x08002a9b    0x2  Code  Wk  stm32l4xx_hal_uart.o [1]
HEAP$$Base              0x20000550          --   Gb  - Linker created -
HEAP$$Limit             0x20000750          --   Gb  - Linker created -
HardFault_Handler       0x08004a8f    0x2  Code  Gb  stm32l4xx_it.o [1]
LoadInt                 0x080007ff   0x6e  Code  Lc  xprintffull.o [3]
MSIRangeTable           0x080049e4   0x30  Data  Gb  system_stm32l4xx.o [1]
MX_GPIO_Init            0x0800392b   0xcc  Code  Lc  main.o [1]
MX_RTC_Init             0x08003869   0xba  Code  Lc  main.o [1]
MemManage_Handler       0x08004a91    0x2  Code  Gb  stm32l4xx_it.o [1]
NMI_Handler             0x08004a8d    0x2  Code  Gb  stm32l4xx_it.o [1]
NRF24L01_init_cw        0x08004475   0x64  Code  Gb  Si24R1.o [1]
PendSV_Handler          0x08004a9b    0x2  Code  Gb  stm32l4xx_it.o [1]
RCCEx_PLLSAI1_Config    0x080034d3   0xd0  Code  Lc  stm32l4xx_hal_rcc_ex.o [1]
RCCEx_PLLSAI2_Config    0x080035b1   0xbc  Code  Lc  stm32l4xx_hal_rcc_ex.o [1]
RCC_SetFlashLatencyFromMSIRange
                        0x080030e3   0x78  Code  Lc  stm32l4xx_hal_rcc.o [1]
RTC_Alarm_IRQHandler    0x08004aaf    0x6  Code  Gb  stm32l4xx_it.o [1]
RTC_ByteToBcd2          0x080049a9   0x16  Code  Gb  stm32l4xx_hal_rtc.o [1]
RTC_EnterInitMode       0x08004907   0x3e  Code  Gb  stm32l4xx_hal_rtc.o [1]
RTC_ExitInitMode        0x08004945   0x4c  Code  Gb  stm32l4xx_hal_rtc.o [1]
Region$$Table$$Base     0x08004b18          --   Gb  - Linker created -
Region$$Table$$Limit    0x08004b38          --   Gb  - Linker created -
Reset_CE                0x08003729    0x4  Code  Gb  main.o [1]
Reset_CSN               0x08003717    0x4  Code  Gb  main.o [1]
SPI_EndRxTxTransaction  0x080042c1   0x30  Code  Lc  stm32l4xx_hal_spi.o [1]
SPI_WaitFifoStateUntilTimeout
                        0x080041d3   0x9a  Code  Lc  stm32l4xx_hal_spi.o [1]
SPI_WaitFlagStateUntilTimeout
                        0x08004145   0x7c  Code  Lc  stm32l4xx_hal_spi.o [1]
SVC_Handler             0x08004a97    0x2  Code  Gb  stm32l4xx_it.o [1]
Set_CE                  0x0800372d    0x2  Code  Gb  main.o [1]
Set_CSN                 0x0800371b    0x2  Code  Gb  main.o [1]
Si24R1_Check            0x0800440f   0x42  Code  Gb  Si24R1.o [1]
SysTick_Handler         0x08004a9d    0x4  Code  Gb  stm32l4xx_it.o [1]
SystemClock_Config      0x080037f1   0x70  Code  Gb  main.o [1]
SystemCoreClock         0x2000000c    0x4  Data  Gb  system_stm32l4xx.o [1]
SystemInit              0x080049c5    0xc  Code  Gb  system_stm32l4xx.o [1]
UART_AdvFeatureConfig   0x08002669   0xc6  Code  Gb  stm32l4xx_hal_uart.o [1]
UART_CheckIdleState     0x0800272f   0x58  Code  Gb  stm32l4xx_hal_uart.o [1]
UART_DMAAbortOnError    0x0800286d   0x10  Code  Lc  stm32l4xx_hal_uart.o [1]
UART_EndRxTransfer      0x0800281d   0x4e  Code  Lc  stm32l4xx_hal_uart.o [1]
UART_SetConfig          0x08002431  0x1fe  Code  Gb  stm32l4xx_hal_uart.o [1]
UART_WaitOnFlagUntilTimeout
                        0x08002787   0x78  Code  Gb  stm32l4xx_hal_uart.o [1]
USART2_IRQHandler       0x08004aa1    0x6  Code  Gb  stm32l4xx_it.o [1]
UsageFault_Handler      0x08004a95    0x2  Code  Gb  stm32l4xx_it.o [1]
_EncodingSb_Mbtowc      0x08001f13   0x30  Code  Gb  xencoding_sb.o [3]
_EncodingSb_Mbtowc::initial
                        0x08001f50    0x8  Data  Lc  xencoding_sb.o [3]
_EncodingSb_Wctomb      0x08001ef9   0x1a  Code  Gb  xencoding_sb.o [3]
_EncodingSb_Wctomb::initial
                        0x08001f48    0x8  Data  Lc  xencoding_sb.o [3]
_GenldFull              0x08001085  0x254  Code  Lc  xprintffull.o [3]
_IsdstStr               0x200000dc    0x4  Data  Gb  setlocale.o [3]
_LdtobFull              0x08000c85  0x3fa  Code  Lc  xprintffull.o [3]
_LitobFull              0x08000b79  0x10a  Code  Lc  xprintffull.o [3]
_LocaleEncoding         0x08001ee5    0xe  Code  Gb  setlocale.o [3]
_LocaleReturnString     0x200000fc   0x50  Data  Lc  setlocale.o [3]
_Locale_Profile         0x200000e0   0x1c  Data  Gb  setlocale.o [3]
_Locale_aeabi_lconv     0x200000a0   0x38  Data  Gb  localeconv.o [3]
_Locale_lconv           0x20000050   0x50  Data  Gb  localeconv.o [3]
_Mbtowc                 0x08001323   0x20  Code  Gb  xmbtowc.o [3]
_PrintfFull             0x08000189  0x660  Code  Gb  xprintffull.o [3]
_Prout                  0x08004b7d   0x16  Code  Gb  xprout.o [3]
_PutcharsFull           0x080012d9   0x2e  Code  Lc  xprintffull.o [3]
_PutstrFull             0x0800086d  0x306  Code  Lc  xprintffull.o [3]
_TzoneStr               0x200000d8    0x4  Data  Gb  setlocale.o [3]
_Wctomb                 0x080014a9   0x1a  Code  Gb  xwctomb.o [3]
__NVIC_SetPriority      0x08003a5d   0x1a  Code  Lc  stm32l4xx_hal_cortex.o [1]
__aeabi_cdcmple         0x080016f1         Code  Gb  DblCmpLe.o [4]
__aeabi_cdrcmple        0x08001721         Code  Gb  DblCmpGe.o [4]
__aeabi_d2iz            0x08001865         Code  Gb  DblToI32.o [4]
__aeabi_d2uiz           0x08001891         Code  Gb  DblToI32.o [4]
__aeabi_ddiv            0x08001c11         Code  Gb  DblDiv.o [4]
__aeabi_dmul            0x08001a6d         Code  Gb  DblMul.o [4]
__aeabi_dsub            0x080018ed         Code  Gb  DblSub.o [4]
__aeabi_i2d             0x080018bd         Code  Gb  I32ToDbl.o [4]
__aeabi_ldiv0           0x08001f85         Code  Gb  I64DivZer.o [5]
__aeabi_memclr4         0x0800319d         Code  Gb  ABImemclr4.o [5]
__aeabi_ui2d            0x080018d1         Code  Gb  I32ToDbl.o [4]
__aeabi_uldivmod        0x080015bd         Code  Gb  I64DivMod.o [5]
__cmain                 0x08004b39         Code  Gb  cmain.o [5]
__data_Aldata           0x200008ac    0x8  Data  Gb  xxmemxmalloc.o [3]
__data_GetMemChunk      0x08001f59   0x2c  Code  Gb  xgetmemchunk.o [3]
__data_GetMemChunk::start
                        0x200008b4    0x4  Data  Lc  xgetmemchunk.o [3]
__exit                  0x08004b69   0x14  Code  Gb  exit.o [6]
__iar_Dnorm             0x080016ab   0x44  Code  Gb  xdnorm.o [4]
__iar_Dscale            0x08001751  0x114  Code  Gb  xdscale.o [4]
__iar_Locale_lconv_init
                        0x08001e69   0x3a  Code  Gb  localeconv.o [3]
__iar_Mbcurmax          0x080013ed    0xa  Code  Gb  xmbcurmax.o [3]
__iar_Memchr            0x08001395         Code  Gb  memchr.o [5]
__iar_Memset4_word      0x08003df9         Code  Gb  ABImemset48.o [5]
__iar_Memset8_word      0x08003df9         Code  Gb  ABImemset48.o [5]
__iar_Stdout            0x20000010   0x40  Data  Gb  xfiles.o [3]
__iar_Strchr            0x08001345         Code  Gb  strchr.o [5]
__iar_d2uiz             0x0800189d         Code  Gb  DblToI32.o [4]
__iar_dadd              0x08001f89         Code  Gb  DblAdd.o [4]
__iar_data_init3        0x08004acd   0x28  Code  Gb  data_init.o [5]
__iar_dlib_perthread_access
                        0x0800205d    0x2  Code  Gb  xtls.o [3]
__iar_dsub              0x08001901         Code  Gb  DblSub.o [4]
__iar_dsubStart         0x08001913         Code  Gb  DblSub.o [4]
__iar_init_vfp          0x08004af5         Code  Gb  fpinit_M.o [4]
__iar_packbits_init_single3
                        0x08004a55   0x38  Code  Gb  packbits_init_single.o [5]
__iar_program_start     0x08004bb1         Code  Gb  cstartup_M.o [5]
__iar_ui2d              0x080018d5         Code  Gb  I32ToDbl.o [4]
__iar_unaligned___aeabi_memcpy
                        0x080014c5         Code  Gb  ABImemcpy_unaligned.o [5]
__iar_unaligned___aeabi_memcpy4
                        0x080014e5         Code  Gb  ABImemcpy_unaligned.o [5]
__iar_unaligned___aeabi_memcpy8
                        0x080014e5         Code  Gb  ABImemcpy_unaligned.o [5]
__iar_zero_init3        0x08004a15   0x40  Code  Gb  zero_init3.o [5]
__low_level_init        0x08004b53    0x4  Code  Gb  low_level_init.o [3]
__vector_table          0x08000000         Data  Gb  startup_stm32l476xx.o [1]
_call_main              0x08004b45         Code  Gb  cmain.o [5]
_exit                   0x08004b5d         Code  Gb  cexit.o [5]
_main                   0x08004b4f         Code  Gb  cmain.o [5]
div                     0x08001ed5    0xe  Code  Gb  div.o [3]
exit                    0x08004b57    0x4  Code  Gb  exit.o [3]
fputc                   0x080036e1   0x14  Code  Gb  main.o [1]
free                    0x0800153d   0x7a  Code  Gb  xxmemxfree.o [3]
hrtc                    0x20000888   0x24  Data  Gb  main.o [1]
hspi1                   0x200007d4   0x64  Data  Gb  main.o [1]
huart2                  0x20000750   0x84  Data  Gb  main.o [1]
localeconv              0x08001ea3   0x16  Code  Gb  localeconv.o [3]
main                    0x08003737   0xba  Code  Gb  main.o [1]
malloc                  0x080013f9   0xac  Code  Gb  xxmemxmalloc.o [3]
memchr                  0x08001395         Code  Gb  memchr.o [5]
obuf                    0x20000838   0x50  Data  Lc  xfiles.o [3]
printf                  0x08004349   0x24  Code  Gb  printf.o [3]
putchar                 0x08004b95    0xc  Code  Gb  putchar.o [3]
spi_read_buf            0x080043b3   0x24  Code  Gb  Si24R1.o [1]
spi_rw_byte             0x080036f5   0x22  Code  Gb  main.o [1]
spi_rw_reg              0x08004395   0x1e  Code  Gb  Si24R1.o [1]
spi_write_buf           0x080043dd   0x20  Code  Gb  Si24R1.o [1]
strchr                  0x08001345         Code  Gb  strchr.o [5]
strlen                  0x0800135d         Code  Gb  strlen.o [5]
uwTick                  0x20000004    0x4  Data  Gb  stm32l4xx_hal.o [1]
uwTickFreq              0x20000000    0x1  Data  Gb  stm32l4xx_hal.o [1]
uwTickPrio              0x20000008    0x4  Data  Gb  stm32l4xx_hal.o [1]


[1] = E:\paylard\paylard_rfm24_nrf24L01p\EWARM\paylard_rfm24_nrf24L01p\Obj
[2] = command line
[3] = dl7M_tlf.a
[4] = m7M_tls.a
[5] = rt7M_tl.a
[6] = shb_l.a

  19 666 bytes of readonly  code memory
      98 bytes of readonly  data memory
   2 228 bytes of readwrite data memory

Errors: none
Warnings: none
