BL51 BANKED LINKER/LOCATER V6.22                                                        12/30/2019  10:19:40  PAGE 1


BL51 BANKED LINKER/LOCATER V6.22, INVOKED BY:
D:\PROGRAMFILES\KEIL\C51\BIN\BL51.EXE ..\OBJ\main.obj, ..\OBJ\led.obj, ..\OBJ\Si24R1.obj, ..\OBJ\spi.obj, ..\OBJ\uart.ob
>> j, ..\OBJ\key.obj, ..\OBJ\delay.obj TO ..\OBJ\rx_rf PRINT (..\OBJ\rx_rf.m51) RAMSIZE (256)


MEMORY MODEL: SMALL


INPUT MODULES INCLUDED:
  ..\OBJ\main.obj (MAIN)
  ..\OBJ\led.obj (LED)
  ..\OBJ\Si24R1.obj (SI24R1)
  ..\OBJ\spi.obj (SPI)
  ..\OBJ\uart.obj (UART)
  ..\OBJ\key.obj (KEY)
  ..\OBJ\delay.obj (DELAY)
  D:\PROGRAMFILES\KEIL\C51\LIB\C51S.LIB (?C_STARTUP)
  D:\PROGRAMFILES\KEIL\C51\LIB\C51S.LIB (?C?COPY)
  D:\PROGRAMFILES\KEIL\C51\LIB\C51S.LIB (?C?CLDPTR)
  D:\PROGRAMFILES\KEIL\C51\LIB\C51S.LIB (?C?CLDOPTR)
  D:\PROGRAMFILES\KEIL\C51\LIB\C51S.LIB (?C?CSTPTR)
  D:\PROGRAMFILES\KEIL\C51\LIB\C51S.LIB (?C?CSTOPTR)
  D:\PROGRAMFILES\KEIL\C51\LIB\C51S.LIB (?C?SIDIV)
  D:\PROGRAMFILES\KEIL\C51\LIB\C51S.LIB (?C?ULCMP)
  D:\PROGRAMFILES\KEIL\C51\LIB\C51S.LIB (PRINTF)
  D:\PROGRAMFILES\KEIL\C51\LIB\C51S.LIB (RAND)
  D:\PROGRAMFILES\KEIL\C51\LIB\C51S.LIB (?C_INIT)
  D:\PROGRAMFILES\KEIL\C51\LIB\C51S.LIB (?C?UIDIV)
  D:\PROGRAMFILES\KEIL\C51\LIB\C51S.LIB (?C?PLDIIDATA)
  D:\PROGRAMFILES\KEIL\C51\LIB\C51S.LIB (?C?CCASE)


LINK MAP OF MODULE:  ..\OBJ\rx_rf (MAIN)


            TYPE    BASE      LENGTH    RELOCATION   SEGMENT NAME
            -----------------------------------------------------

            * * * * * * *   D A T A   M E M O R Y   * * * * * * *
            REG     0000H     0008H     ABSOLUTE     "REG BANK 0"
            REG     0008H     0008H     ABSOLUTE     "REG BANK 1"
            DATA    0010H     000AH     UNIT         ?DT?_SI24R1_TXPACKET?SI24R1
            DATA    001AH     0005H     UNIT         ?DT?SI24R1_CHECK?SI24R1
            DATA    001FH     0001H     UNIT         ?DT?KEY
            BIT     0020H.0   0001H.1   UNIT         _BIT_GROUP_
            BIT     0021H.1   0000H.3   UNIT         ?BI?MAIN
                    0021H.4   0000H.4                *** GAP ***
            DATA    0022H     001AH     UNIT         _DATA_GROUP_
            DATA    003CH     0011H     UNIT         ?DT?SI24R1
            DATA    004DH     0008H     UNIT         ?DT?_DELAY?DELAY
            DATA    0055H     0005H     UNIT         ?DT?_DELAY_US?DELAY
            DATA    005AH     0004H     UNIT         ?DT?RAND?RAND
            IDATA   005EH     0024H     UNIT         ?ID?MAIN
            IDATA   0082H     0001H     UNIT         ?STACK

            * * * * * * *   C O D E   M E M O R Y   * * * * * * *
            CODE    0000H     0003H     ABSOLUTE     
            CODE    0003H     001DH     UNIT         ?PR?UART_INIT?UART
BL51 BANKED LINKER/LOCATER V6.22                                                      12/30/2019  10:19:40  PAGE 2


                    0020H     0003H                  *** GAP ***
            CODE    0023H     0003H     ABSOLUTE     
            CODE    0026H     035CH     UNIT         ?PR?PRINTF?PRINTF
            CODE    0382H     0242H     UNIT         ?C?LIB_CODE
            CODE    05C4H     00FCH     UNIT         ?PR?MAIN?MAIN
            CODE    06C0H     008CH     UNIT         ?C_C51STARTUP
            CODE    074CH     007CH     UNIT         ?PR?_SI24R1_TXPACKET?SI24R1
            CODE    07C8H     0069H     UNIT         ?PR?DELAY_900US?DELAY
            CODE    0831H     0068H     UNIT         ?PR?HORSERACELED?LED
            CODE    0899H     0064H     UNIT         ?PR?_SI24R1_RXPACKET?SI24R1
            CODE    08FDH     005AH     UNIT         ?CO?MAIN
            CODE    0957H     004FH     UNIT         ?PR?COM_ISR?UART
            CODE    09A6H     004DH     UNIT         ?PR?RAND?RAND
            CODE    09F3H     0048H     UNIT         ?PR?SI24R1_CHECK?SI24R1
            CODE    0A3BH     003FH     UNIT         ?PR?_DELAY?DELAY
            CODE    0A7AH     003AH     UNIT         ?PR?_SPI_WRITE_BUF?SI24R1
            CODE    0AB4H     0037H     UNIT         ?PR?_DELAY_US?DELAY
            CODE    0AEBH     0032H     UNIT         ?PR?SI24R1_TX_ACK_MODE?SI24R1
            CODE    0B1DH     0031H     UNIT         ?PR?_SPI_READ_BUF?SI24R1
            CODE    0B4EH     002DH     UNIT         ?C_INITSEG
            CODE    0B7BH     002BH     UNIT         ?PR?SI24R1_RX_ACK_MODE?SI24R1
            CODE    0BA6H     002AH     UNIT         ?PR?_KEY_SCAN?KEY
            CODE    0BD0H     0028H     UNIT         ?PR?_SPI_RW_REG?SI24R1
            CODE    0BF8H     0023H     UNIT         ?PR?_PUTBUF?UART
            CODE    0C1BH     001CH     UNIT         ?PR?SPI_INIT?SPI
            CODE    0C37H     0016H     UNIT         ?PR?_GETKEY?UART
            CODE    0C4DH     0013H     UNIT         ?PR?_PUTCHAR?UART
            CODE    0C60H     0012H     UNIT         ?PR?LED_INIT?LED
            CODE    0C72H     000FH     UNIT         ?CO?SI24R1
            CODE    0C81H     000EH     UNIT         ?PR?SYSTEM_INIT?MAIN
            CODE    0C8FH     000DH     UNIT         ?PR?_SPI_RW_BYTE?SI24R1
            CODE    0C9CH     000DH     UNIT         ?PR?_SPI_RD_REG?SI24R1
            CODE    0CA9H     000AH     UNIT         ?PR?KEY_INIT?KEY



OVERLAY MAP OF MODULE:   ..\OBJ\rx_rf (MAIN)


SEGMENT                                  BIT_GROUP          DATA_GROUP 
  +--> CALLED SEGMENT                 START    LENGTH     START    LENGTH
-------------------------------------------------------------------------
?C_C51STARTUP                         -----    -----      -----    -----
  +--> ?PR?MAIN?MAIN
  +--> ?C_INITSEG

?PR?MAIN?MAIN                         -----    -----      0022H    0006H
  +--> ?PR?DELAY_900US?DELAY
  +--> ?PR?SYSTEM_INIT?MAIN
  +--> ?CO?MAIN
  +--> ?PR?PRINTF?PRINTF
  +--> ?PR?SI24R1_RX_ACK_MODE?SI24R1
  +--> ?PR?RAND?RAND
  +--> ?PR?_SPI_WRITE_BUF?SI24R1
  +--> ?PR?_SI24R1_RXPACKET?SI24R1

?PR?DELAY_900US?DELAY                 -----    -----      0028H    0008H
BL51 BANKED LINKER/LOCATER V6.22                                                      12/30/2019  10:19:40  PAGE 3



?PR?SYSTEM_INIT?MAIN                  -----    -----      -----    -----
  +--> ?PR?KEY_INIT?KEY
  +--> ?PR?UART_INIT?UART
  +--> ?PR?LED_INIT?LED
  +--> ?PR?SPI_INIT?SPI

?PR?PRINTF?PRINTF                     0020H.0  0001H.1    0028H    0014H
  +--> ?PR?_PUTCHAR?UART

?PR?_PUTCHAR?UART                     -----    -----      -----    -----
  +--> ?PR?_PUTBUF?UART

?PR?SI24R1_RX_ACK_MODE?SI24R1         -----    -----      -----    -----
  +--> ?PR?_SPI_WRITE_BUF?SI24R1
  +--> ?PR?_SPI_RW_REG?SI24R1

?PR?_SPI_WRITE_BUF?SI24R1             -----    -----      0028H    0005H
  +--> ?CO?SI24R1
  +--> ?PR?_SPI_RW_BYTE?SI24R1

?PR?_SPI_RW_REG?SI24R1                -----    -----      -----    -----
  +--> ?PR?_SPI_RW_BYTE?SI24R1

?PR?_SI24R1_RXPACKET?SI24R1           -----    -----      0028H    0006H
  +--> ?PR?_SPI_RD_REG?SI24R1
  +--> ?PR?_SPI_RW_REG?SI24R1
  +--> ?PR?_SPI_READ_BUF?SI24R1

?PR?_SPI_RD_REG?SI24R1                -----    -----      -----    -----
  +--> ?PR?_SPI_RW_BYTE?SI24R1

?PR?_SPI_READ_BUF?SI24R1              -----    -----      002EH    0005H
  +--> ?PR?_SPI_RW_BYTE?SI24R1



SYMBOL TABLE OF MODULE:  ..\OBJ\rx_rf (MAIN)

  VALUE           TYPE          NAME
  ----------------------------------

  -------         MODULE        MAIN
  C:0000H         SYMBOL        _ICE_DUMMY_
  C:0C81H         PUBLIC        System_Init
  D:0090H         PUBLIC        P1
  D:00A0H         PUBLIC        P2
  D:00B0H         PUBLIC        P3
  B:00A8H.7       PUBLIC        EA
  B:00A0H.0       PUBLIC        LED1
  B:0090H.3       PUBLIC        CE
  B:0021H.1       PUBLIC        inempty
  D:00A8H         PUBLIC        IE
  I:005EH         PUBLIC        inbuf
  I:006EH         PUBLIC        outbuf
  D:00B8H         PUBLIC        IP
  I:007EH         PUBLIC        istart
BL51 BANKED LINKER/LOCATER V6.22                                                      12/30/2019  10:19:40  PAGE 4


  I:007FH         PUBLIC        ostart
  I:0080H         PUBLIC        iend
  D:00D8H         PUBLIC        CCON
  C:05C4H         PUBLIC        main
  I:0081H         PUBLIC        oend
  B:0021H.2       PUBLIC        sendactive
  D:0098H         PUBLIC        SCON
  D:0088H         PUBLIC        TCON
  B:0021H.3       PUBLIC        sendfull
  D:00C8H         PUBLIC        T2CON
  D:00D0H         PUBLIC        PSW
  -------         PROC          SYSTEM_INIT
  C:0C81H         LINE#         34
  C:0C81H         LINE#         35
  C:0C81H         LINE#         36
  C:0C83H         LINE#         37
  C:0C86H         LINE#         38
  C:0C89H         LINE#         39
  C:0C8CH         LINE#         40
  -------         ENDPROC       SYSTEM_INIT
  -------         PROC          MAIN
  -------         DO            
  D:0022H         SYMBOL        counter
  D:0023H         SYMBOL        i
  D:0024H         SYMBOL        txLen
  D:0025H         SYMBOL        rxLen
  D:0026H         SYMBOL        len
  D:0027H         SYMBOL        tmp
  -------         ENDDO         
  C:05C4H         LINE#         44
  C:05C4H         LINE#         45
  C:05C4H         LINE#         46
  C:05C7H         LINE#         51
  C:05CAH         LINE#         52
  C:05CDH         LINE#         53
  C:05D0H         LINE#         55
  C:05D3H         LINE#         56
  C:05DCH         LINE#         58
  C:05DFH         LINE#         59
  C:05E2H         LINE#         60
  C:05E5H         LINE#         61
  C:05E7H         LINE#         63
  C:05E9H         LINE#         64
  C:0603H         LINE#         66
  C:0611H         LINE#         67
  C:0613H         LINE#         69
  C:0613H         LINE#         70
  C:0613H         LINE#         71
  C:0628H         LINE#         72
  C:0628H         LINE#         73
  C:0631H         LINE#         74
  C:063BH         LINE#         75
  C:063BH         LINE#         76
  C:064FH         LINE#         77
  C:0653H         LINE#         78
  C:065CH         LINE#         79
  C:0665H         LINE#         80
BL51 BANKED LINKER/LOCATER V6.22                                                      12/30/2019  10:19:40  PAGE 5


  C:066FH         LINE#         81
  C:066FH         LINE#         82
  C:0683H         LINE#         83
  C:0687H         LINE#         84
  C:0690H         LINE#         86
  C:0693H         LINE#         87
  C:06ADH         LINE#         88
  C:06BBH         LINE#         89
  C:06BDH         LINE#         91
  C:06BDH         LINE#         92
  -------         ENDPROC       MAIN
  -------         ENDMOD        MAIN

  -------         MODULE        LED
  C:0000H         SYMBOL        _ICE_DUMMY_
  D:0095H         PUBLIC        P2M0
  D:0090H         PUBLIC        P1
  D:0096H         PUBLIC        P2M1
  D:00A0H         PUBLIC        P2
  D:00B0H         PUBLIC        P3
  B:00A0H.0       PUBLIC        LED1
  B:00A0H.1       PUBLIC        LED2
  B:00A0H.2       PUBLIC        LED3
  B:00A0H.3       PUBLIC        LED4
  D:00A8H         PUBLIC        IE
  D:00B8H         PUBLIC        IP
  D:00D8H         PUBLIC        CCON
  D:0098H         PUBLIC        SCON
  D:0088H         PUBLIC        TCON
  C:0C60H         PUBLIC        LED_Init
  C:0831H         PUBLIC        HorseRaceLED
  D:00C8H         PUBLIC        T2CON
  D:00D0H         PUBLIC        PSW
  -------         PROC          LED_INIT
  C:0C60H         LINE#         4
  C:0C60H         LINE#         5
  C:0C60H         LINE#         8
  C:0C63H         LINE#         10
  C:0C66H         LINE#         11
  C:0C69H         LINE#         12
  C:0C71H         LINE#         13
  -------         ENDPROC       LED_INIT
  -------         PROC          HORSERACELED
  C:0831H         LINE#         16
  C:0831H         LINE#         17
  C:0831H         LINE#         18
  C:0833H         LINE#         19
  C:083EH         LINE#         20
  C:0840H         LINE#         21
  C:084BH         LINE#         22
  C:084DH         LINE#         23
  C:0858H         LINE#         24
  C:085AH         LINE#         25
  C:0865H         LINE#         26
  C:0867H         LINE#         27
  C:0872H         LINE#         28
  C:0874H         LINE#         29
BL51 BANKED LINKER/LOCATER V6.22                                                      12/30/2019  10:19:40  PAGE 6


  C:087FH         LINE#         30
  C:0881H         LINE#         31
  C:088CH         LINE#         32
  C:088EH         LINE#         33
  -------         ENDPROC       HORSERACELED
  -------         ENDMOD        LED

  -------         MODULE        SI24R1
  C:0000H         SYMBOL        _ICE_DUMMY_
  D:0090H         PUBLIC        P1
  D:00A0H         PUBLIC        P2
  D:00B0H         PUBLIC        P3
  B:0090H.3       PUBLIC        CE
  D:00A8H         PUBLIC        IE
  D:003CH         PUBLIC        g_cFirstPacketFlag
  C:0C77H         PUBLIC        RX_ADDRESS
  C:0C72H         PUBLIC        TX_ADDRESS
  D:00B8H         PUBLIC        IP
  D:00D8H         PUBLIC        CCON
  C:0C9CH         PUBLIC        _spi_rd_reg
  C:0899H         PUBLIC        _Si24R1_RxPacket
  C:0C8FH         PUBLIC        _spi_rw_byte
  C:074CH         PUBLIC        _Si24R1_TxPacket
  D:0098H         PUBLIC        SCON
  D:0088H         PUBLIC        TCON
  C:0BE5H         PUBLIC        _spi_rw_reg
  C:0C7CH         SYMBOL        _?ix1000
  D:0084H         PUBLIC        SPSTAT
  B:0090H.4       PUBLIC        CSN
  D:00C8H         PUBLIC        T2CON
  C:09F3H         PUBLIC        Si24R1_Check
  D:003DH         PUBLIC        RX_BUF
  C:0B7BH         PUBLIC        Si24R1_Rx_ACK_Mode
  D:0045H         PUBLIC        TX_BUF
  C:0B1DH         PUBLIC        _spi_read_buf
  B:00B0H.2       PUBLIC        IRQ
  C:0AEBH         PUBLIC        Si24R1_Tx_ACK_Mode
  D:00D0H         PUBLIC        PSW
  C:0A85H         PUBLIC        _spi_write_buf
  D:0086H         PUBLIC        SPDAT
  -------         PROC          _SPI_RW_BYTE
  D:0007H         SYMBOL        byte
  -------         DO            
  D:0007H         SYMBOL        status
  -------         ENDDO         
  C:0C8FH         LINE#         18
  C:0C8FH         LINE#         19
  C:0C8FH         LINE#         22
  C:0C91H         LINE#         24
  C:0C96H         LINE#         25
  C:0C99H         LINE#         27
  C:0C9BH         LINE#         28
  C:0C9BH         LINE#         30
  -------         ENDPROC       _SPI_RW_BYTE
  -------         PROC          L?0042
  -------         ENDPROC       L?0042
  -------         PROC          _SPI_RW_REG
BL51 BANKED LINKER/LOCATER V6.22                                                      12/30/2019  10:19:40  PAGE 7


  D:0007H         SYMBOL        reg
  D:0006H         SYMBOL        value
  -------         DO            
  D:0005H         SYMBOL        status
  -------         ENDDO         
  C:0BE5H         LINE#         36
  C:0BE7H         LINE#         37
  C:0BE7H         LINE#         40
  C:0BE9H         LINE#         41
  C:0BEEH         LINE#         42
  C:0BF3H         LINE#         43
  C:0BF5H         LINE#         44
  C:0BF7H         LINE#         45
  -------         ENDPROC       _SPI_RW_REG
  -------         PROC          _SPI_RD_REG
  D:0007H         SYMBOL        reg
  -------         DO            
  D:0007H         SYMBOL        value
  -------         ENDDO         
  C:0C9CH         LINE#         51
  C:0C9CH         LINE#         52
  C:0C9CH         LINE#         55
  C:0C9EH         LINE#         56
  C:0CA1H         LINE#         57
  C:0CA6H         LINE#         58
  C:0CA8H         LINE#         59
  C:0CA8H         LINE#         60
  -------         ENDPROC       _SPI_RD_REG
  -------         PROC          _SPI_READ_BUF
  D:0007H         SYMBOL        reg
  D:002FH         SYMBOL        pBuf
  D:0032H         SYMBOL        bytes
  -------         DO            
  D:0006H         SYMBOL        status
  D:0005H         SYMBOL        i
  -------         ENDDO         
  C:0B1DH         LINE#         66
  C:0B23H         LINE#         67
  C:0B23H         LINE#         72
  C:0B25H         LINE#         73
  C:0B2AH         LINE#         74
  C:0B32H         LINE#         75
  C:0B32H         LINE#         76
  C:0B46H         LINE#         77
  C:0B49H         LINE#         78
  C:0B4BH         LINE#         79
  C:0B4DH         LINE#         80
  -------         ENDPROC       _SPI_READ_BUF
  -------         PROC          L?0043
  -------         ENDPROC       L?0043
  -------         PROC          _SPI_WRITE_BUF
  D:0007H         SYMBOL        reg
  D:0029H         SYMBOL        pBuf
  D:002CH         SYMBOL        bytes
  -------         DO            
  D:0006H         SYMBOL        status
  D:0005H         SYMBOL        i
BL51 BANKED LINKER/LOCATER V6.22                                                      12/30/2019  10:19:40  PAGE 8


  -------         ENDDO         
  C:0A85H         LINE#         86
  C:0A8BH         LINE#         87
  C:0A8BH         LINE#         89
  C:0A8DH         LINE#         90
  C:0A92H         LINE#         91
  C:0A9AH         LINE#         92
  C:0A9AH         LINE#         93
  C:0AACH         LINE#         94
  C:0AAFH         LINE#         95
  C:0AB1H         LINE#         96
  C:0AB3H         LINE#         97
  -------         ENDPROC       _SPI_WRITE_BUF
  -------         PROC          SI24R1_CHECK
  -------         DO            
  D:001AH         SYMBOL        buf
  D:0007H         SYMBOL        i
  -------         ENDDO         
  C:09F3H         LINE#         99
  C:09F3H         LINE#         100
  C:09F3H         LINE#         101
  C:0A06H         LINE#         103
  C:0A14H         LINE#         104
  C:0A22H         LINE#         105
  C:0A24H         LINE#         106
  C:0A30H         LINE#         107
  C:0A35H         LINE#         108
  C:0A38H         LINE#         109
  C:0A3AH         LINE#         110
  -------         ENDPROC       SI24R1_CHECK
  -------         PROC          SI24R1_TX_ACK_MODE
  C:0AEBH         LINE#         117
  C:0AEBH         LINE#         118
  C:0AEBH         LINE#         119
  C:0AEDH         LINE#         121
  C:0AF4H         LINE#         122
  C:0B02H         LINE#         123
  C:0B05H         LINE#         127
  C:0B0CH         LINE#         128
  C:0B10H         LINE#         129
  C:0B10H         LINE#         130
  C:0B10H         LINE#         131
  C:0B13H         LINE#         132
  C:0B1AH         LINE#         134
  C:0B1CH         LINE#         135
  -------         ENDPROC       SI24R1_TX_ACK_MODE
  -------         PROC          SI24R1_RX_ACK_MODE
  C:0B7BH         LINE#         137
  C:0B7BH         LINE#         138
  C:0B7BH         LINE#         139
  C:0B7DH         LINE#         141
  C:0B80H         LINE#         142
  C:0B87H         LINE#         145
  C:0B8EH         LINE#         146
  C:0B95H         LINE#         147
  C:0B99H         LINE#         148
  C:0B99H         LINE#         149
BL51 BANKED LINKER/LOCATER V6.22                                                      12/30/2019  10:19:40  PAGE 9


  C:0B99H         LINE#         150
  C:0B9CH         LINE#         151
  C:0BA3H         LINE#         153
  C:0BA5H         LINE#         154
  -------         ENDPROC       SI24R1_RX_ACK_MODE
  -------         PROC          _SI24R1_TXPACKET
  D:0001H         SYMBOL        txbuf
  D:0013H         SYMBOL        txLen
  D:0014H         SYMBOL        rxbuf
  D:0017H         SYMBOL        rxLen
  -------         DO            
  D:0004H         SYMBOL        sta
  -------         ENDDO         
  C:074CH         LINE#         159
  C:074EH         LINE#         160
  C:074EH         LINE#         162
  C:0750H         LINE#         163
  C:0757H         LINE#         164
  C:075FH         LINE#         165
  C:0761H         LINE#         167
  C:0764H         LINE#         168
  C:076DH         LINE#         169
  C:0774H         LINE#         170
  C:0778H         LINE#         171
  C:0778H         LINE#         172
  C:077FH         LINE#         173
  C:0782H         LINE#         174
  C:0782H         LINE#         175
  C:0787H         LINE#         176
  C:0787H         LINE#         177
  C:078CH         LINE#         178
  C:078CH         LINE#         179
  C:078FH         LINE#         180
  C:078FH         LINE#         182
  C:078FH         LINE#         183
  C:079EH         LINE#         184
  C:07B4H         LINE#         185
  C:07BBH         LINE#         186
  C:07C2H         LINE#         187
  C:07C5H         LINE#         188
  C:07C5H         LINE#         189
  C:07C5H         LINE#         191
  C:07C5H         LINE#         193
  C:07C7H         LINE#         194
  -------         ENDPROC       _SI24R1_TXPACKET
  -------         PROC          _SI24R1_RXPACKET
  D:0028H         SYMBOL        rxbuf
  D:002BH         SYMBOL        rxLen
  -------         DO            
  D:0004H         SYMBOL        sta
  -------         ENDDO         
  C:0899H         LINE#         198
  C:089FH         LINE#         199
  C:089FH         LINE#         201
  C:08A1H         LINE#         202
  C:08A8H         LINE#         203
  C:08AFH         LINE#         204
BL51 BANKED LINKER/LOCATER V6.22                                                      12/30/2019  10:19:40  PAGE 10


  C:08B3H         LINE#         205
  C:08B3H         LINE#         206
  C:08B8H         LINE#         207
  C:08B8H         LINE#         208
  C:08BDH         LINE#         209
  C:08BDH         LINE#         210
  C:08C0H         LINE#         211
  C:08C0H         LINE#         218
  C:08C0H         LINE#         219
  C:08C0H         LINE#         221
  C:08C0H         LINE#         222
  C:08C0H         LINE#         224
  C:08C0H         LINE#         225
  C:08C4H         LINE#         226
  C:08C4H         LINE#         227
  C:08C8H         LINE#         228
  C:08C8H         LINE#         229
  C:08CBH         LINE#         230
  C:08CBH         LINE#         232
  C:08CBH         LINE#         233
  C:08DAH         LINE#         234
  C:08F0H         LINE#         235
  C:08F7H         LINE#         236
  C:08FAH         LINE#         237
  C:08FAH         LINE#         239
  C:08FAH         LINE#         241
  C:08FAH         LINE#         242
  C:08FAH         LINE#         244
  C:08FCH         LINE#         246
  -------         ENDPROC       _SI24R1_RXPACKET
  -------         ENDMOD        SI24R1

  -------         MODULE        SPI
  C:0000H         SYMBOL        _ICE_DUMMY_
  D:0091H         PUBLIC        P1M0
  D:0092H         PUBLIC        P1M1
  D:0090H         PUBLIC        P1
  D:00B1H         PUBLIC        P3M0
  D:00A0H         PUBLIC        P2
  D:00B2H         PUBLIC        P3M1
  D:00B0H         PUBLIC        P3
  B:0090H.3       PUBLIC        CE
  D:0085H         PUBLIC        SPCTL
  D:00A8H         PUBLIC        IE
  D:00B8H         PUBLIC        IP
  D:00D8H         PUBLIC        CCON
  D:0098H         PUBLIC        SCON
  D:0088H         PUBLIC        TCON
  B:0090H.7       PUBLIC        SCK
  D:0084H         PUBLIC        SPSTAT
  C:0C1BH         PUBLIC        SPI_Init
  B:0090H.4       PUBLIC        CSN
  D:00C8H         PUBLIC        T2CON
  D:00D0H         PUBLIC        PSW
  D:0086H         PUBLIC        SPDAT
  -------         PROC          SPI_INIT
  C:0C1BH         LINE#         8
BL51 BANKED LINKER/LOCATER V6.22                                                      12/30/2019  10:19:40  PAGE 11


  C:0C1BH         LINE#         9
  C:0C1BH         LINE#         10
  C:0C1EH         LINE#         11
  C:0C21H         LINE#         20
  C:0C24H         LINE#         21
  C:0C27H         LINE#         34
  C:0C2AH         LINE#         35
  C:0C2DH         LINE#         37
  C:0C30H         LINE#         39
  C:0C32H         LINE#         40
  C:0C34H         LINE#         41
  C:0C36H         LINE#         43
  -------         ENDPROC       SPI_INIT
  -------         ENDMOD        SPI

  -------         MODULE        UART
  C:0000H         SYMBOL        _ICE_DUMMY_
  D:0090H         PUBLIC        P1
  D:00B1H         PUBLIC        P3M0
  D:00A0H         PUBLIC        P2
  D:00B2H         PUBLIC        P3M1
  D:00B0H         PUBLIC        P3
  D:00A8H         PUBLIC        IE
  B:00A8H.4       PUBLIC        ES
  D:00B8H         PUBLIC        IP
  C:0BF8H         PUBLIC        _putbuf
  B:0098H.0       PUBLIC        RI
  B:0098H.1       PUBLIC        TI
  D:00D8H         PUBLIC        CCON
  D:0099H         PUBLIC        SBUF
  D:0087H         PUBLIC        PCON
  D:0098H         PUBLIC        SCON
  D:0089H         PUBLIC        TMOD
  D:0088H         PUBLIC        TCON
  D:008DH         PUBLIC        TH1
  C:0003H         PUBLIC        uart_init
  B:0088H.6       PUBLIC        TR1
  D:00C8H         PUBLIC        T2CON
  C:0C37H         PUBLIC        _getkey
  C:0957H         SYMBOL        com_isr
  D:00D0H         PUBLIC        PSW
  C:0C4DH         PUBLIC        _putchar
  -------         PROC          UART_INIT
  C:0003H         LINE#         24
  C:0003H         LINE#         25
  C:0003H         LINE#         28
  C:0006H         LINE#         29
  C:0009H         LINE#         31
  C:000CH         LINE#         32
  C:000FH         LINE#         34
  C:0012H         LINE#         37
  C:0015H         LINE#         47
  C:0018H         LINE#         57
  C:001BH         LINE#         71
  C:001DH         LINE#         72
  C:001FH         LINE#         73
  -------         ENDPROC       UART_INIT
BL51 BANKED LINKER/LOCATER V6.22                                                      12/30/2019  10:19:40  PAGE 12


  -------         PROC          COM_ISR
  -------         DO            
  D:000FH         SYMBOL        ch0
  -------         ENDDO         
  C:0957H         LINE#         79
  C:095EH         LINE#         82
  C:0961H         LINE#         83
  C:0961H         LINE#         84
  C:0963H         LINE#         86
  C:096BH         LINE#         87
  C:096BH         LINE#         89
  C:0977H         LINE#         90
  C:0979H         LINE#         92
  C:097BH         LINE#         94
  C:097BH         LINE#         95
  C:097DH         LINE#         96
  C:097DH         LINE#         97
  C:097DH         LINE#         98
  C:0980H         LINE#         99
  C:0980H         LINE#         100
  C:0982H         LINE#         101
  C:0984H         LINE#         102
  C:0996H         LINE#         103
  C:0996H         LINE#         104
  C:099FH         LINE#         105
  C:09A1H         LINE#         106
  C:09A1H         LINE#         107
  C:09A1H         LINE#         108
  -------         ENDPROC       COM_ISR
  -------         PROC          _GETKEY
  C:0C37H         LINE#         110
  C:0C37H         LINE#         111
  C:0C3FH         LINE#         112
  C:0C3FH         LINE#         113
  C:0C41H         LINE#         119
  C:0C41H         LINE#         120
  C:0C4CH         LINE#         121
  -------         ENDPROC       _GETKEY
  -------         PROC          _PUTBUF
  D:0007H         SYMBOL        c
  C:0BF8H         LINE#         129
  C:0BF8H         LINE#         130
  C:0BF8H         LINE#         132
  C:0BFBH         LINE#         133
  C:0BFBH         LINE#         134
  C:0BFEH         LINE#         135
  C:0BFEH         LINE#         136
  C:0C00H         LINE#         137
  C:0C02H         LINE#         138
  C:0C03H         LINE#         140
  C:0C03H         LINE#         142
  C:0C0EH         LINE#         143
  C:0C18H         LINE#         144
  C:0C18H         LINE#         145
  C:0C1AH         LINE#         146
  C:0C1AH         LINE#         148
  C:0C1AH         LINE#         149
BL51 BANKED LINKER/LOCATER V6.22                                                      12/30/2019  10:19:40  PAGE 13


  C:0C1AH         LINE#         150
  -------         ENDPROC       _PUTBUF
  -------         PROC          _PUTCHAR
  D:0006H         SYMBOL        c
  C:0C4DH         LINE#         155
  C:0C4FH         LINE#         156
  C:0C4FH         LINE#         162
  C:0C52H         LINE#         163
  C:0C52H         LINE#         165
  C:0C52H         LINE#         166
  C:0C55H         LINE#         167
  C:0C55H         LINE#         168
  C:0C5AH         LINE#         169
  C:0C5AH         LINE#         170
  C:0C5FH         LINE#         171
  C:0C5FH         LINE#         173
  -------         ENDPROC       _PUTCHAR
  -------         ENDMOD        UART

  -------         MODULE        KEY
  C:0000H         SYMBOL        _ICE_DUMMY_
  D:0095H         PUBLIC        P2M0
  D:0090H         PUBLIC        P1
  D:0096H         PUBLIC        P2M1
  D:00A0H         PUBLIC        P2
  D:00B0H         PUBLIC        P3
  D:00A8H         PUBLIC        IE
  D:00B8H         PUBLIC        IP
  D:00D8H         PUBLIC        CCON
  D:0098H         PUBLIC        SCON
  D:0088H         PUBLIC        TCON
  C:0BA6H         PUBLIC        _KEY_Scan
  C:0CA9H         PUBLIC        KEY_Init
  D:00C8H         PUBLIC        T2CON
  B:00A0H.5       PUBLIC        KEY
  D:00D0H         PUBLIC        PSW
  -------         PROC          KEY_INIT
  C:0CA9H         LINE#         4
  C:0CA9H         LINE#         5
  C:0CA9H         LINE#         7
  C:0CACH         LINE#         8
  C:0CAFH         LINE#         10
  C:0CB2H         LINE#         12
  -------         ENDPROC       KEY_INIT
  -------         PROC          _KEY_SCAN
  D:0007H         SYMBOL        mode
  -------         DO            
  D:001FH         SYMBOL        key_up
  -------         ENDDO         
  C:0BA6H         LINE#         15
  C:0BA6H         LINE#         16
  C:0BA6H         LINE#         18
  C:0BA9H         LINE#         19
  C:0BACH         LINE#         20
  C:0BB3H         LINE#         21
  C:0BB3H         LINE#         22
  C:0BBEH         LINE#         23
BL51 BANKED LINKER/LOCATER V6.22                                                      12/30/2019  10:19:40  PAGE 14


  C:0BC1H         LINE#         24
  C:0BC4H         LINE#         25
  C:0BC7H         LINE#         26
  C:0BC7H         LINE#         27
  C:0BCDH         LINE#         28
  C:0BCFH         LINE#         29
  -------         ENDPROC       _KEY_SCAN
  -------         ENDMOD        KEY

  -------         MODULE        DELAY
  C:0000H         SYMBOL        _ICE_DUMMY_
  D:0090H         PUBLIC        P1
  D:00A0H         PUBLIC        P2
  D:00B0H         PUBLIC        P3
  D:00A8H         PUBLIC        IE
  C:0A3BH         PUBLIC        _delay
  D:00B8H         PUBLIC        IP
  D:00D8H         PUBLIC        CCON
  D:0098H         PUBLIC        SCON
  D:0088H         PUBLIC        TCON
  C:0AB4H         PUBLIC        _delay_us
  D:00C8H         PUBLIC        T2CON
  C:07C8H         PUBLIC        delay_900us
  D:00D0H         PUBLIC        PSW
  -------         PROC          _DELAY
  D:004DH         SYMBOL        times
  -------         DO            
  D:0051H         SYMBOL        i
  -------         ENDDO         
  C:0A3BH         LINE#         6
  C:0A43H         LINE#         7
  C:0A43H         LINE#         9
  C:0A79H         LINE#         10
  -------         ENDPROC       _DELAY
  -------         PROC          _DELAY_US
  D:0055H         SYMBOL        n
  -------         DO            
  D:0056H         SYMBOL        i
  -------         ENDDO         
  C:0AB4H         LINE#         16
  C:0AB6H         LINE#         17
  C:0AB6H         LINE#         19
  C:0AEAH         LINE#         20
  -------         ENDPROC       _DELAY_US
  -------         PROC          DELAY_900US
  -------         DO            
  D:0028H         SYMBOL        i
  D:002CH         SYMBOL        j
  -------         ENDDO         
  C:07C8H         LINE#         26
  C:07C8H         LINE#         27
  C:07C8H         LINE#         29
  C:07E5H         LINE#         30
  C:0830H         LINE#         31
  -------         ENDPROC       DELAY_900US
  -------         ENDMOD        DELAY

BL51 BANKED LINKER/LOCATER V6.22                                                      12/30/2019  10:19:40  PAGE 15


  -------         MODULE        ?C?COPY
  C:0452H         PUBLIC        ?C?COPY
  -------         ENDMOD        ?C?COPY

  -------         MODULE        ?C?CLDPTR
  C:0478H         PUBLIC        ?C?CLDPTR
  -------         ENDMOD        ?C?CLDPTR

  -------         MODULE        ?C?CLDOPTR
  C:0491H         PUBLIC        ?C?CLDOPTR
  -------         ENDMOD        ?C?CLDOPTR

  -------         MODULE        ?C?CSTPTR
  C:04BEH         PUBLIC        ?C?CSTPTR
  -------         ENDMOD        ?C?CSTPTR

  -------         MODULE        ?C?CSTOPTR
  C:04D0H         PUBLIC        ?C?CSTOPTR
  -------         ENDMOD        ?C?CSTOPTR

  -------         MODULE        ?C?SIDIV
  C:04F2H         PUBLIC        ?C?SIDIV
  -------         ENDMOD        ?C?SIDIV

  -------         MODULE        ?C?ULCMP
  C:0528H         PUBLIC        ?C?ULCMP
  -------         ENDMOD        ?C?ULCMP

  -------         MODULE        PRINTF
  D:0028H         PUBLIC        ?_PRINTF517?BYTE
  D:0028H         PUBLIC        ?_PRINTF?BYTE
  D:0028H         PUBLIC        ?_SPRINTF517?BYTE
  D:0028H         PUBLIC        ?_SPRINTF?BYTE
  C:0088H         PUBLIC        _PRINTF
  C:0088H         PUBLIC        _PRINTF517
  C:0082H         PUBLIC        _SPRINTF
  C:0082H         PUBLIC        _SPRINTF517
  -------         ENDMOD        PRINTF

  -------         MODULE        RAND
  D:005AH         PUBLIC        ?SRAND?BYTE
  C:09A6H         PUBLIC        RAND
  C:09E8H         PUBLIC        _SRAND
  -------         ENDMOD        RAND

  -------         MODULE        ?C?UIDIV
  C:0539H         PUBLIC        ?C?UIDIV
  -------         ENDMOD        ?C?UIDIV

  -------         MODULE        ?C?PLDIIDATA
  C:058EH         PUBLIC        ?C?PLDIIDATA
  -------         ENDMOD        ?C?PLDIIDATA

  -------         MODULE        ?C?CCASE
  C:059EH         PUBLIC        ?C?CCASE
  -------         ENDMOD        ?C?CCASE

BL51 BANKED LINKER/LOCATER V6.22                                                      12/30/2019  10:19:40  PAGE 16


*** WARNING L16: UNCALLED SEGMENT, IGNORED FOR OVERLAY PROCESS
    SEGMENT: ?PR?HORSERACELED?LED

*** WARNING L16: UNCALLED SEGMENT, IGNORED FOR OVERLAY PROCESS
    SEGMENT: ?PR?SI24R1_CHECK?SI24R1

*** WARNING L16: UNCALLED SEGMENT, IGNORED FOR OVERLAY PROCESS
    SEGMENT: ?PR?SI24R1_TX_ACK_MODE?SI24R1

*** WARNING L16: UNCALLED SEGMENT, IGNORED FOR OVERLAY PROCESS
    SEGMENT: ?PR?_SI24R1_TXPACKET?SI24R1

*** WARNING L16: UNCALLED SEGMENT, IGNORED FOR OVERLAY PROCESS
    SEGMENT: ?PR?_GETKEY?UART

*** WARNING L16: UNCALLED SEGMENT, IGNORED FOR OVERLAY PROCESS
    SEGMENT: ?PR?_KEY_SCAN?KEY

*** WARNING L16: UNCALLED SEGMENT, IGNORED FOR OVERLAY PROCESS
    SEGMENT: ?PR?_DELAY_US?DELAY

Program Size: data=130.4 xdata=0 code=3248
LINK/LOCATE RUN COMPLETE.  7 WARNING(S),  0 ERROR(S)
